[2026-10-04 21:40:57] =========================================================================
[2026-10-04 21:40:57]    🚀 24/7 PERPETUAL HYBRID ALIGNMENT DAEMON STARTED (WHISPER GROUND TRUTH) 
[2026-10-04 21:40:57] =========================================================================
[2026-10-04 21:40:57] Loaded checkpoint state: Cycle #1 | Course=shyna-everyday-speaking-1 (L#6) | Reader=reader-4-heidi | Daily English #4
[2026-10-04 21:40:57] 
>>>>>>>>>>>> STARTING HYBRID PACK #1 <<<<<<<<<<<<
[2026-10-04 21:40:57] --- [Pack #1 Part 1/3] Aligning 5 Course Lessons: shyna-everyday-speaking-1 ---
[2026-10-04 21:40:57]   -> Course [shyna-everyday-speaking-1] Lesson #6...
[2026-10-04 21:44:09]   -> Course [shyna-everyday-speaking-1] Lesson #7...
[2026-10-04 21:46:53]   -> Course [shyna-everyday-speaking-1] Lesson #8...
[2026-10-04 21:49:38]   -> Course [shyna-everyday-speaking-1] Lesson #9...
[2026-10-04 21:53:27]   -> Course [shyna-everyday-speaking-1] Lesson #10...
[2026-10-04 21:58:14] 
--- [Pack #1 Part 2/3] Aligning 2 Complete Graded Readers ---
[2026-10-04 21:58:14]   -> Reader [4/218]: reader-4-heidi...
[2026-10-04 22:11:11]   -> Reader [5/218]: reader-5-the-arabian-night...
[2026-10-04 22:21:47] 
--- [Pack #1 Part 3/3] Aligning 5 Daily English Podcast Episodes ---
[2026-10-04 22:21:47]   -> Podcast Daily English Episode #4...
[2026-10-04 22:29:40]   -> Podcast Daily English Episode #5...
[2026-10-04 22:36:11]   -> Podcast Daily English Episode #6...
[2026-10-04 22:45:53]   -> Podcast Daily English Episode #7...
[2026-10-04 22:54:48]   -> Podcast Daily English Episode #8...
[2026-10-04 23:04:01] 
✅ COMPLETED HYBRID PACK #1! All newly processed lessons, chapters, and episodes are now live with 'Synced Audio Reading' in the app.
[2026-10-04 23:04:04] 
>>>>>>>>>>>> STARTING HYBRID PACK #2 <<<<<<<<<<<<
[2026-10-04 23:04:04] --- [Pack #2 Part 1/3] Aligning 5 Course Lessons: shyna-everyday-speaking-1 ---
[2026-10-04 23:04:04]   -> Course [shyna-everyday-speaking-1] Lesson #11...
[2026-10-04 23:07:17]   -> Course [shyna-everyday-speaking-1] Lesson #12...
[2026-10-04 23:12:09]   -> Course [shyna-everyday-speaking-1] Lesson #13...
[2026-10-04 23:16:56]   -> Course [shyna-everyday-speaking-1] Lesson #14...
[2026-10-04 23:21:04]   -> Course [shyna-everyday-speaking-1] Lesson #15...
[2026-10-04 23:23:23] 
--- [Pack #2 Part 2/3] Aligning 2 Complete Graded Readers ---
[2026-10-04 23:23:23]   -> Reader [6/218]: reader-6-the-christmas-stories...
[2026-10-04 23:30:12]   -> Reader [7/218]: reader-7-the-jungle-book...
[2026-10-04 23:35:49] 
--- [Pack #2 Part 3/3] Aligning 5 Daily English Podcast Episodes ---
[2026-10-04 23:35:49]   -> Podcast Daily English Episode #9...
[2026-10-04 23:41:29]   -> Podcast Daily English Episode #10...
[2026-10-04 23:45:41]   -> Podcast Daily English Episode #11...
[2026-10-04 23:50:36]   -> Podcast Daily English Episode #12...
[2026-10-04 23:54:44]   -> Podcast Daily English Episode #13...
[2026-10-05 00:00:34] 
✅ COMPLETED HYBRID PACK #2! All newly processed lessons, chapters, and episodes are now live with 'Synced Audio Reading' in the app.
[2026-10-05 00:00:37] 
>>>>>>>>>>>> STARTING HYBRID PACK #3 <<<<<<<<<<<<
[2026-10-05 00:00:37] --- [Pack #3 Part 1/3] Aligning 5 Course Lessons: shyna-everyday-speaking-1 ---
[2026-10-05 00:00:37]   -> Course [shyna-everyday-speaking-1] Lesson #16...
[2026-10-05 00:02:21]   -> Course [shyna-everyday-speaking-1] Lesson #17...
[2026-10-05 00:03:45]   -> Course [shyna-everyday-speaking-1] Lesson #18...
[2026-10-05 00:05:41]   -> Course [shyna-everyday-speaking-1] Lesson #19...
[2026-10-05 00:07:03]   -> Course [shyna-everyday-speaking-1] Lesson #20...
[2026-10-05 00:08:49] 
--- [Pack #3 Part 2/3] Aligning 2 Complete Graded Readers ---
[2026-10-05 00:08:49]   -> Reader [8/218]: reader-8-the-little-mermaid...
[2026-10-05 00:15:53]   -> Reader [9/218]: reader-9-uncle-tom-s-cabin...
[2026-10-05 00:22:12] 
--- [Pack #3 Part 3/3] Aligning 5 Daily English Podcast Episodes ---
[2026-10-05 00:22:12]   -> Podcast Daily English Episode #14...
[2026-10-05 00:27:34]   -> Podcast Daily English Episode #15...
[2026-10-05 00:32:18]   -> Podcast Daily English Episode #16...
[2026-10-05 00:37:16]   -> Podcast Daily English Episode #17...
[2026-10-05 00:41:41]   -> Podcast Daily English Episode #18...
[2026-10-05 00:45:54] 
✅ COMPLETED HYBRID PACK #3! All newly processed lessons, chapters, and episodes are now live with 'Synced Audio Reading' in the app.
[2026-10-05 00:45:57] 
>>>>>>>>>>>> STARTING HYBRID PACK #4 <<<<<<<<<<<<
[2026-10-05 00:45:57] --- [Pack #4 Part 1/3] Aligning 5 Course Lessons: shyna-everyday-speaking-1 ---
[2026-10-05 00:45:57]   -> Course [shyna-everyday-speaking-1] Lesson #21...
[2026-10-05 00:47:10]   -> Course [shyna-everyday-speaking-1] Lesson #22...
[2026-10-05 00:48:40]   -> Course [shyna-everyday-speaking-1] Lesson #23...
[2026-10-05 00:51:18]   -> Course [shyna-everyday-speaking-1] Lesson #24...
[2026-10-05 00:52:56]   -> Course [shyna-everyday-speaking-1] Lesson #25...
[2026-10-05 00:55:33] 
--- [Pack #4 Part 2/3] Aligning 2 Complete Graded Readers ---
[2026-10-05 00:55:33]   -> Reader [10/218]: reader-10-a-dog-of-flanders...
[2026-10-05 01:02:16]   -> Reader [11/218]: reader-11-aesop-s-fables...
[2026-10-05 01:10:21] 
--- [Pack #4 Part 3/3] Aligning 5 Daily English Podcast Episodes ---
[2026-10-05 01:10:21]   -> Podcast Daily English Episode #19...
[2026-10-05 01:15:42]   -> Podcast Daily English Episode #20...
[2026-10-05 01:19:38]   -> Podcast Daily English Episode #21...
[2026-10-05 01:23:51]   -> Podcast Daily English Episode #22...
[2026-10-05 01:27:33]   -> Podcast Daily English Episode #23...
[2026-10-05 01:33:34] 
✅ COMPLETED HYBRID PACK #4! All newly processed lessons, chapters, and episodes are now live with 'Synced Audio Reading' in the app.
[2026-10-05 01:33:37] 
>>>>>>>>>>>> STARTING HYBRID PACK #5 <<<<<<<<<<<<
[2026-10-05 01:33:37] --- [Pack #5 Part 1/3] Aligning 5 Course Lessons: shyna-everyday-speaking-1 ---
[2026-10-05 01:33:37]   -> Course [shyna-everyday-speaking-1] Lesson #26...
[2026-10-05 01:36:16]   -> Course [shyna-everyday-speaking-1] Lesson #27...
[2026-10-05 01:38:10]   -> Course [shyna-everyday-speaking-1] Lesson #28...
[2026-10-05 01:39:34]   -> Course [shyna-everyday-speaking-1] Lesson #29...
[2026-10-05 01:41:35]   -> Course [shyna-everyday-speaking-1] Lesson #30...
[2026-10-05 01:43:19] 
--- [Pack #5 Part 2/3] Aligning 2 Complete Graded Readers ---
[2026-10-05 01:43:19]   -> Reader [12/218]: reader-12-anne-of-green-gables...
[2026-10-05 01:53:31]   -> Reader [13/218]: reader-13-daddy-long-legs...
[2026-10-05 02:01:02] 
--- [Pack #5 Part 3/3] Aligning 5 Daily English Podcast Episodes ---
[2026-10-05 02:01:02]   -> Podcast Daily English Episode #24...
[2026-10-05 02:06:28]   -> Podcast Daily English Episode #25...
[2026-10-05 02:11:38]   -> Podcast Daily English Episode #26...
[2026-10-05 02:16:48]   -> Podcast Daily English Episode #27...
[2026-10-05 02:21:47]   -> Podcast Daily English Episode #28...
[2026-10-05 02:25:41] 
✅ COMPLETED HYBRID PACK #5! All newly processed lessons, chapters, and episodes are now live with 'Synced Audio Reading' in the app.
[2026-10-05 02:25:44] 
>>>>>>>>>>>> STARTING HYBRID PACK #6 <<<<<<<<<<<<
[2026-10-05 02:25:44] --- [Pack #6 Part 1/3] Aligning 5 Course Lessons: shyna-everyday-speaking-1 ---
[2026-10-05 02:25:44]   -> Course [shyna-everyday-speaking-1] Lesson #31...
[2026-10-05 02:28:00]   -> Course [shyna-everyday-speaking-1] Lesson #32...
[2026-10-05 02:31:11]   -> Course [shyna-everyday-speaking-1] Lesson #33...
[2026-10-05 02:33:18]   -> Course [shyna-everyday-speaking-1] Lesson #34...
[2026-10-05 02:35:15]   -> Course [shyna-everyday-speaking-1] Lesson #35...
[2026-10-05 02:36:35] 
--- [Pack #6 Part 2/3] Aligning 2 Complete Graded Readers ---
[2026-10-05 02:36:35]   -> Reader [14/218]: reader-14-peter-pan...
[2026-10-05 02:44:23]   -> Reader [15/218]: reader-15-the-count-of-monte-cristo...
[2026-10-05 02:52:44] 
--- [Pack #6 Part 3/3] Aligning 5 Daily English Podcast Episodes ---
[2026-10-05 02:52:44]   -> Podcast Daily English Episode #29...
[2026-10-05 02:57:10]   -> Podcast Daily English Episode #30...
[2026-10-05 03:01:22]   -> Podcast Daily English Episode #31...
[2026-10-05 03:06:25]   -> Podcast Daily English Episode #32...
[2026-10-05 03:11:57]   -> Podcast Daily English Episode #33...
[2026-10-05 03:17:29] 
✅ COMPLETED HYBRID PACK #6! All newly processed lessons, chapters, and episodes are now live with 'Synced Audio Reading' in the app.
[2026-10-05 03:17:32] 
>>>>>>>>>>>> STARTING HYBRID PACK #7 <<<<<<<<<<<<
[2026-10-05 03:17:32] --- [Pack #7 Part 1/3] Aligning 5 Course Lessons: shyna-everyday-speaking-1 ---
[2026-10-05 03:17:32]   -> Course [shyna-everyday-speaking-1] Lesson #36...
[2026-10-05 03:19:35]   -> Course [shyna-everyday-speaking-1] Lesson #37...
[2026-10-05 03:21:42]   -> Course [shyna-everyday-speaking-1] Lesson #38...
[2026-10-05 03:24:10]   -> Course [shyna-everyday-speaking-1] Lesson #39...
[2026-10-05 03:25:53]   -> Course [shyna-everyday-speaking-1] Lesson #40...
[2026-10-05 03:28:30] 
--- [Pack #7 Part 2/3] Aligning 2 Complete Graded Readers ---
[2026-10-05 03:28:30]   -> Reader [16/218]: reader-16-the-great-stone-face...
[2026-10-05 03:37:05]   -> Reader [17/218]: reader-17-the-happy-prince...
[2026-10-05 03:45:03] 
--- [Pack #7 Part 3/3] Aligning 5 Daily English Podcast Episodes ---
[2026-10-05 03:45:03]   -> Podcast Daily English Episode #34...
[2026-10-05 03:50:16]   -> Podcast Daily English Episode #35...
[2026-10-05 03:54:52]   -> Podcast Daily English Episode #36...
[2026-10-05 03:59:55]   -> Podcast Daily English Episode #37...
[2026-10-05 04:04:25]   -> Podcast Daily English Episode #38...
[2026-10-05 04:09:09] 
✅ COMPLETED HYBRID PACK #7! All newly processed lessons, chapters, and episodes are now live with 'Synced Audio Reading' in the app.
[2026-10-05 04:09:12] 
>>>>>>>>>>>> STARTING HYBRID PACK #8 <<<<<<<<<<<<
[2026-10-05 04:09:12] --- [Pack #8 Part 1/3] Aligning 5 Course Lessons: shyna-everyday-speaking-1 ---
[2026-10-05 04:09:12]   -> Course [shyna-everyday-speaking-1] Lesson #41...
[2026-10-05 04:11:13]   -> Course [shyna-everyday-speaking-1] Lesson #42...
[2026-10-05 04:13:13]   -> Course [shyna-everyday-speaking-1] Lesson #43...
[2026-10-05 04:15:25]   -> Course [shyna-everyday-speaking-1] Lesson #44...
[2026-10-05 04:17:23]   -> Course [shyna-everyday-speaking-1] Lesson #45...
[2026-10-05 04:19:39] 
--- [Pack #8 Part 2/3] Aligning 2 Complete Graded Readers ---
[2026-10-05 04:19:39]   -> Reader [18/218]: reader-18-the-stars-the-last-lesson-...
[2026-10-05 04:26:48]   -> Reader [19/218]: reader-19-jane-eyre...
[2026-10-05 04:41:29] 
--- [Pack #8 Part 3/3] Aligning 5 Daily English Podcast Episodes ---
[2026-10-05 04:41:29]   -> Podcast Daily English Episode #39...
[2026-10-05 04:45:40]   -> Podcast Daily English Episode #40...
[2026-10-05 04:49:25]   -> Podcast Daily English Episode #41...
[2026-10-05 04:54:09]   -> Podcast Daily English Episode #42...
[2026-10-05 04:58:50]   -> Podcast Daily English Episode #43...
[2026-10-05 05:04:08] 
✅ COMPLETED HYBRID PACK #8! All newly processed lessons, chapters, and episodes are now live with 'Synced Audio Reading' in the app.
[2026-10-05 05:04:11] 
>>>>>>>>>>>> STARTING HYBRID PACK #9 <<<<<<<<<<<<
[2026-10-05 05:04:11] --- [Pack #9 Part 1/3] Aligning 5 Course Lessons: shyna-everyday-speaking-1 ---
[2026-10-05 05:04:11]   -> Course [shyna-everyday-speaking-1] Lesson #46...
[2026-10-05 05:04:11]   -> Course [shyna-everyday-speaking-1] Lesson #47...
[2026-10-05 05:04:11] Course completed! Advancing to next course: shyna-everyday-speaking-2
[2026-10-05 05:04:11] 
--- [Pack #9 Part 2/3] Aligning 2 Complete Graded Readers ---
[2026-10-05 05:04:11]   -> Reader [20/218]: reader-20-a-dream-come-true...
[2026-10-05 05:18:49]   -> Reader [21/218]: reader-21-alien-alert-in-seattle...
[2026-10-05 05:32:33] 
--- [Pack #9 Part 3/3] Aligning 5 Daily English Podcast Episodes ---
[2026-10-05 05:32:33]   -> Podcast Daily English Episode #44...
[2026-10-05 05:38:02]   -> Podcast Daily English Episode #45...
[2026-10-05 05:42:36]   -> Podcast Daily English Episode #46...
[2026-10-05 05:47:12]   -> Podcast Daily English Episode #47...
[2026-10-05 05:51:04]   -> Podcast Daily English Episode #48...
[2026-10-05 05:54:54] 
✅ COMPLETED HYBRID PACK #9! All newly processed lessons, chapters, and episodes are now live with 'Synced Audio Reading' in the app.
[2026-10-05 05:54:57] 
>>>>>>>>>>>> STARTING HYBRID PACK #10 <<<<<<<<<<<<
[2026-10-05 05:54:57] --- [Pack #10 Part 1/3] Aligning 5 Course Lessons: shyna-everyday-speaking-2 ---
[2026-10-05 05:54:57]   -> Course [shyna-everyday-speaking-2] Lesson #1...
[2026-10-05 05:56:46]   -> Course [shyna-everyday-speaking-2] Lesson #2...
[2026-10-05 05:58:09]   -> Course [shyna-everyday-speaking-2] Lesson #3...
[2026-10-05 05:59:54]   -> Course [shyna-everyday-speaking-2] Lesson #4...
[2026-10-05 06:02:00]   -> Course [shyna-everyday-speaking-2] Lesson #5...
[2026-10-05 06:03:37] 
--- [Pack #10 Part 2/3] Aligning 2 Complete Graded Readers ---
[2026-10-05 06:03:37]   -> Reader [22/218]: reader-22-home-for-christmas...
[2026-10-05 06:14:19]   -> Reader [23/218]: reader-23-kidnapped...
[2026-10-05 06:27:45] 
--- [Pack #10 Part 3/3] Aligning 5 Daily English Podcast Episodes ---
[2026-10-05 06:27:45]   -> Podcast Daily English Episode #49...
[2026-10-05 06:31:29]   -> Podcast Daily English Episode #50...
[2026-10-05 06:35:20]   -> Podcast Daily English Episode #51...
[2026-10-05 06:38:42]   -> Podcast Daily English Episode #52...
[2026-10-05 06:44:18]   -> Podcast Daily English Episode #53...
[2026-10-05 06:49:35] 
✅ COMPLETED HYBRID PACK #10! All newly processed lessons, chapters, and episodes are now live with 'Synced Audio Reading' in the app.
[2026-10-05 06:49:38] 
>>>>>>>>>>>> STARTING HYBRID PACK #11 <<<<<<<<<<<<
[2026-10-05 06:49:38] --- [Pack #11 Part 1/3] Aligning 5 Course Lessons: shyna-everyday-speaking-2 ---
[2026-10-05 06:49:38]   -> Course [shyna-everyday-speaking-2] Lesson #6...
[2026-10-05 06:55:17]   -> Course [shyna-everyday-speaking-2] Lesson #7...
[2026-10-05 06:57:34]   -> Course [shyna-everyday-speaking-2] Lesson #8...
[2026-10-05 07:00:16]   -> Course [shyna-everyday-speaking-2] Lesson #9...
[2026-10-05 07:03:15]   -> Course [shyna-everyday-speaking-2] Lesson #10...
[2026-10-05 07:05:47] 
--- [Pack #11 Part 2/3] Aligning 2 Complete Graded Readers ---
[2026-10-05 07:05:47]   -> Reader [24/218]: reader-24-magical-tales-from-the-south-seas...
[2026-10-05 07:35:21]   -> Reader [25/218]: reader-25-miami-police-file-the-o-nell-case...
[2026-10-05 07:57:30] 
--- [Pack #11 Part 3/3] Aligning 5 Daily English Podcast Episodes ---
[2026-10-05 07:57:30]   -> Podcast Daily English Episode #54...
[2026-10-05 08:02:34]   -> Podcast Daily English Episode #55...
[2026-10-05 08:08:38]   -> Podcast Daily English Episode #56...
[2026-10-05 08:15:30]   -> Podcast Daily English Episode #57...
